// Jest Snapshot v1, https://goo.gl/fbAQLP

exports[`DisplayMap snapshot displays map 1`] = `
Array [
  <div
    className="displayMap"
  >
    <div
      className="map"
    />
  </div>,
  <div
    className="location-description"
  >
    <i
      className="location-icon fa fa-location-arrow"
    />
    <span
      className="location-name"
    >
      location is here
    </span>
  </div>,
]
`;

exports[`DisplayMap snapshot does not display map 1`] = `
<div
  className="displayMap"
>
  <div
    className="map"
  />
</div>
`;
