// Jest Snapshot v1, https://goo.gl/fbAQLP

exports[`<Ad/> should display a link and img 1`] = `
<div
  className="ad"
>
  <a
    href="https://ifelse.io/book"
    rel="noreferrer noopener"
    target="_blank"
  >
    <img
      alt="React in Action by Mark Thomas | Manning Publications"
      className="img-responsive"
      src="/static/assets/ads/ria.png"
    />
  </a>
  <small>
    ads by Letters
  </small>
</div>
`;
