// Jest Snapshot v1, https://goo.gl/fbAQLP

exports[`<Comment/> should render correctly 1`] = `
<div
  className="comment"
>
  <div
    className="user-header"
  >
    <div
      className="user-info-section"
    >
      <img
        className="img-circle"
        height={25}
        src="comment-user-profile-picture"
        width={25}
      />
      <a>
        comment-user-name
      </a>
    </div>
    <small
      className="date"
    >
      0 minutes
       
      ago
    </small>
  </div>
  <p
    className="content"
  >
     
    comment-content
     
  </p>
</div>
`;
